<!DOCTYPE html>
<html>
  <head>
    <title>Docs</title>
    <meta charset="utf8">
    <link rel="stylesheet" href="/html/docs.css">
    <link rel="stylesheet" href="/html/coy.css">
  </head>
  <body class="overflow-hidden">
    <div class="flexbox-col box-fill-viewport">
      <div class="row1 flex-fixed">
        <h1>API Reference</h1>
      </div>
      <div class="row2 flexbox-row">
        <div class="col1 horiz-space flex-fixed overflow-scroll">
          <ul>
          <li>
  <a href="#base">base</a>
  
    <ul>
    <li>
  <a href="#base#module">base.module(name, [deps])</a>
  
</li>

  
    
    <li>
  <a href="#base#func">base.func(name)</a>
  
</li>

  
    
    <li>
  <a href="#base#object">base.object(name, [base])</a>
  
</li>

  
    
    <li>
  <a href="#base.module">base.module</a>
  
    <ul>
    <li>
  <a href="#base.module#withDep">module.withDep(...dep)</a>
  
</li>

  
    
    <li>
  <a href="#base.module#withDeps">module.withDeps(arr)</a>
  
</li>

  
    
    <li>
  <a href="#base.module.withObject">module.withObject</a>
  
</li>

  
    
    <li>
  <a href="#base.module.withFunc">module.withFunc</a>
  
</li>
</ul>
  
</li>

  
    
    <li>
  <a href="#base.func">base.func</a>
  
</li>

  
    
    <li>
  <a href="#base.object">base.object</a>
  
    <ul>
    <li>
  <a href="#base.object#withFunc">object.withFunc(name)</a>
  
</li>
</ul>
  
</li>
</ul>
  
</li>
<li>
  <a href="#DebaserOptions">type: DebaserOptions</a>
  
</li>
<li>
  <a href="#debaser">debaser([name], [options])</a>
  
</li>
<li>
  <a href="#debase">debase([name])</a>
  
</li>
<li>
  <a href="#Debaser">class: Debaser</a>
  
    <ul>
    <li>
  <a href="#new_Debaserâ—Š">new Debaser([name])</a>
  
</li>
</ul>
  
</li>
<li>
  <a href="#Action">callback: Action</a>
  
</li>

          </ul>
        </div>
        <div class="col2 overflow-scroll flex-full">
        
  base - <br>
        
  DebaserOptions - global<br>
        
  debaser - global<br>
        
  debase - global<br>
        
  Debaser - global<br>
        
  Action - global<br>
        
        </div>
      </div>
    </div>
    <script src="/html/prism.js"></script>
  </body>
</html>
