<!DOCTYPE html>
<html>
  <head>
    <title>Docs</title>
    <meta charset="utf8">
    <link rel="stylesheet" href="/html/docs.css">
    <link rel="stylesheet" href="/html/coy.css">
  </head>
  <body class="overflow-hidden">
    <div class="flexbox-col box-fill-viewport">
      <div class="row1 flex-fixed">
        <h1>API Reference</h1>
      </div>
      <div class="row2 flexbox-row">
        <div class="col1 horiz-space flex-fixed overflow-scroll">
          <h3>Modules</h3><ul><li>
  <a href="#module_cjs/class">cjs/class</a>
  
    <ul>
    <li>
  <a href="#exp_module_cjs/class^ExportedClass">class: ExportedClass ⏏</a>
  
    <ul>
    <li>
  <a href="#new_module_cjs/class^ExportedClass◊">new ExportedClass()</a>
  
</li>

  
    
    <li>
  <a href="#module_cjs/class^ExportedClass#prop">exportedClass.prop</a>
  
</li>

  
    
    <li>
  <a href="#module_cjs/class^ExportedClass.staticProp">ExportedClass.staticProp</a>
  
</li>

  
    
    <li>
  <a href="#module_cjs/class^ExportedClass..innerProp">ExportedClass~innerProp</a>
  
</li>
</ul>
  
</li>
</ul>
  
</li>

          <li>
  <a href="#module_cjs/function-alias">cjs/function-alias</a>
  
    <ul>
    <li>
  <a href="#exp_module_cjs/function-alias^sum">sum(one, two) ⏏</a>
  
</li>
</ul>
  
</li>

          <li>
  <a href="#module_cjs/object-alias">cjs/object-alias</a>
  
    <ul>
    <li>
  <a href="#exp_module_cjs/object-alias^teams">teams ⏏</a>
  
</li>
</ul>
  
</li>

          <li>
  <a href="#module_cjs/object">cjs/object</a>
  
    <ul>
    <li>
  <a href="#module_cjs/object.one">obj.one</a>
  
</li>

  
    
    <li>
  <a href="#module_cjs/object.two">obj.two()</a>
  
</li>
</ul>
  
</li>
</ul>
          

          <h3>Globals</h3><ul><li>
  <a href="#GlobalClass">class: GlobalClass</a>
  
    <ul>
    <li>
  <a href="#new_GlobalClass◊">new GlobalClass(one, two)</a>
  
</li>

  
    
    <li>
  <a href="#GlobalClass#propOne">globalClass.propOne</a>
  
</li>

  
    
    <li>
  <a href="#GlobalClass.propTwo">GlobalClass.propTwo</a>
  
</li>
</ul>
  
</li>

          <li>
  <a href="#globalFunction">globalFunction(one, two)</a>
  
</li>

          <li>
  <a href="#Eventful">mixin: Eventful</a>
  
    <ul>
    <li>
  <a href="#Eventful.on">Eventful.on(eventName, handler)</a>
  
</li>

  
    
    <li>
  <a href="#Eventful.fire">Eventful.fire(eventName, eventData)</a>
  
</li>
</ul>
  
</li>

          <li>
  <a href="#globalVar">globalVar</a>
  
</li>
</ul>
          

          <h3>Misc</h3><ul><li>
  <a href="#phantom">mixin: phantom</a>
  
</li>
</ul>
          
        </div>
        <div class="col2 overflow-scroll flex-full">
        
          <h2><a name="module_cjs/class">cjs/class</a></h2>
<p>exports a class</p>






<dl>
  <dt>kind</dt><dd>module</dd>
  
  
  
  
  
  
  
  
  
  
  
  
  
  
  
  <dt>typicalname</dt><dd>exp</dd>
  
  
</dl>

<h3><a name="exp_module_cjs/class^ExportedClass">class: ExportedClass ⏏</a></h3>
<p>the exported class</p>






<dl>
  <dt>kind</dt><dd>class</dd>
  
  <dt>memberof</dt><dd><code> class of <a href="#module_cjs/class">cjs/class</a></code></dd>
  
  
  
  
  
  
  
  
  
  
  
  
  
  
  
  
</dl>

<h4><a name="new_module_cjs/class^ExportedClass◊">new ExportedClass()</a></h4>
<p>the exported contructor</p>






<dl>
  <dt>kind</dt><dd>constructor</dd>
  
  <dt>memberof</dt><dd><code> constructor of <a href="#exp_module_cjs/class^ExportedClass">ExportedClass</a></code></dd>
  
  
  
  
  
  
  
  
  
  
  
  
  
  
  
  
</dl>

<h4><a name="module_cjs/class^ExportedClass#prop">exportedClass.prop</a></h4>
<p>instance property</p>






<dl>
  <dt>kind</dt><dd>member</dd>
  <dt>scope</dt><dd>instance</dd>
  <dt>memberof</dt><dd><code>instance member of <a href="#exp_module_cjs/class^ExportedClass">ExportedClass</a></code></dd>
  
  
  
  
  
  
  
  
  
  
  
  
  
  
  
  
</dl>

<h4><a name="module_cjs/class^ExportedClass.staticProp">ExportedClass.staticProp</a></h4>
<p>a static property for the exported class</p>






<dl>
  <dt>kind</dt><dd>member</dd>
  <dt>scope</dt><dd>static</dd>
  <dt>memberof</dt><dd><code>static member of <a href="#exp_module_cjs/class^ExportedClass">ExportedClass</a></code></dd>
  
  
  
  
  
  
  
  
  
  
  
  
  
  
  
  
</dl>

<h4><a name="module_cjs/class^ExportedClass..innerProp">ExportedClass~innerProp</a></h4>
<p>inner module property</p>






<dl>
  <dt>kind</dt><dd>member</dd>
  <dt>scope</dt><dd>inner</dd>
  <dt>memberof</dt><dd><code>inner member of <a href="#exp_module_cjs/class^ExportedClass">ExportedClass</a></code></dd>
  
  
  
  
  
  
  
  
  
  
  
  
  
  
  
  
</dl>


        
          <h2><a name="module_cjs/function-alias">cjs/function-alias</a></h2>
<p>exports a pointer to a function</p>






<dl>
  <dt>kind</dt><dd>module</dd>
  
  
  
  
  
  
  
  
  
  
  
  
  
  
  
  
  
  
</dl>

<h3><a name="exp_module_cjs/function-alias^sum">sum(one, two) -> `number` ⏏</a></h3>
<p>the function</p>


<strong>Params</strong>
<ul>
<li>one <code>number</code> the first number</li>

<li>two <code>number</code> the second number</li>
</ul>




<dl>
  <dt>kind</dt><dd>function</dd>
  
  <dt>memberof</dt><dd><code> function of <a href="#module_cjs/function-alias">cjs/function-alias</a></code></dd>
  
  
  
  
  
  
  
  
  
  
  
  
  
  
  
  
</dl>


        
          <h2><a name="module_cjs/object-alias">cjs/object-alias</a></h2>
<p>a module exporting an object</p>






<dl>
  <dt>kind</dt><dd>module</dd>
  
  
  
  
  
  
  
  
  
  
  
  
  
  
  
  
  
  
</dl>

<h3><a name="exp_module_cjs/object-alias^teams">teams ⏏</a></h3>
<p>the teams</p>






<dl>
  <dt>kind</dt><dd>member</dd>
  
  <dt>memberof</dt><dd><code> member of <a href="#module_cjs/object-alias">cjs/object-alias</a></code></dd>
  
  
  
  
  
  
  
  
  
  
  
  
  
  
  
  
</dl>


        
          <h2><a name="module_cjs/object">cjs/object</a></h2>
<p>a module exporting <code>exports</code> directly</p>






<dl>
  <dt>kind</dt><dd>module</dd>
  
  
  
  
  
  
  
  
  
  
  
  
  
  
  
  <dt>typicalname</dt><dd>obj</dd>
  
  
</dl>

<h3><a name="module_cjs/object.one">obj.one</a></h3>
<p>the first property</p>






<dl>
  <dt>kind</dt><dd>member</dd>
  <dt>scope</dt><dd>static</dd>
  <dt>memberof</dt><dd><code>static member of <a href="#module_cjs/object">cjs/object</a></code></dd>
  
  <dt>type</dt><dd>number</dd>
  
  
  
  
  
  
  
  
  
  
  
  
  
  
</dl>

<h3><a name="module_cjs/object.two">obj.two()</a></h3>
<p>the second property, a function</p>





<strong>Example</strong>
<p>this is the example</p>



<dl>
  <dt>kind</dt><dd>function</dd>
  <dt>scope</dt><dd>static</dd>
  <dt>memberof</dt><dd><code>static function of <a href="#module_cjs/object">cjs/object</a></code></dd>
  
  
  
  
  
  
  
  
  
  
  
  
  
  
  
  
</dl>


        
          <h2><a name="GlobalClass">class: GlobalClass</a></h2>
<p>a global class</p>






<dl>
  <dt>kind</dt><dd>class</dd>
  <dt>scope</dt><dd>global</dd>
  
  <dt>augments</dt><dd>String</dd>
  
  
  
  
  
  
  
  
  
  
  
  
  
  
  
</dl>

<h3><a name="new_GlobalClass◊">new GlobalClass(one, two)</a></h3>
<p>the global class constructor</p>


<strong>Params</strong>
<ul>
<li>one <code>number</code> first param</li>

<li>two <code>string</code> second param</li>
</ul>




<dl>
  <dt>kind</dt><dd>constructor</dd>
  
  <dt>memberof</dt><dd><code> constructor of <a href="#GlobalClass">GlobalClass</a></code></dd>
  
  
  
  
  
  
  
  
  
  
  
  
  
  
  
  
</dl>

<h3><a name="GlobalClass#propOne">globalClass.propOne</a></h3>
<p>an instance property</p>






<dl>
  <dt>kind</dt><dd>member</dd>
  <dt>scope</dt><dd>instance</dd>
  <dt>memberof</dt><dd><code>instance member of <a href="#GlobalClass">GlobalClass</a></code></dd>
  
  
  
  
  
  
  
  
  
  
  
  
  
  
  
  
</dl>

<h3><a name="GlobalClass.propTwo">GlobalClass.propTwo</a></h3>
<p>a static property</p>






<dl>
  <dt>kind</dt><dd>member</dd>
  <dt>scope</dt><dd>static</dd>
  <dt>memberof</dt><dd><code>static member of <a href="#GlobalClass">GlobalClass</a></code></dd>
  
  
  
  
  
  
  
  
  
  
  
  
  
  
  
  
</dl>


        
          <h2><a name="globalFunction">globalFunction(one, two)</a></h2>
<p>a global function</p>


<strong>Params</strong>
<ul>
<li>one <code>number</code> first param</li>

<li>two <code>string</code> second param</li>
</ul>




<dl>
  <dt>kind</dt><dd>function</dd>
  <dt>scope</dt><dd>global</dd>
  
  
  
  
  
  
  
  
  
  
  
  
  
  
  
  
  
</dl>


        
          <h2><a name="phantom">mixin: phantom</a></h2>
<p>phantom mixin</p>






<dl>
  <dt>kind</dt><dd>mixin</dd>
  
  
  
  
  
  
  
  
  
  
  
  
  
  
  
  
  
  
</dl>


        
          <h2><a name="Eventful">mixin: Eventful</a></h2>
<p>This provides methods used for event handling. It&#39;s not meant to
be used directly.</p>






<dl>
  <dt>kind</dt><dd>mixin</dd>
  <dt>scope</dt><dd>global</dd>
  
  
  
  
  
  
  
  
  
  
  
  
  
  
  
  
  
</dl>

<h3><a name="Eventful.on">Eventful.on(eventName, handler)</a></h3>
<p>Register a handler function to be called whenever this event is fired.</p>


<strong>Params</strong>
<ul>
<li>eventName <code>string</code> Name of the event.</li>

<li>handler <code>function</code> The handler to call.</li>
</ul>




<dl>
  <dt>kind</dt><dd>function</dd>
  <dt>scope</dt><dd>static</dd>
  <dt>memberof</dt><dd><code>static function of <a href="#Eventful">Eventful</a></code></dd>
  
  
  
  
  
  
  
  
  
  
  
  
  
  
  
  
</dl>

<h3><a name="Eventful.fire">Eventful.fire(eventName, eventData)</a></h3>
<p>Fire an event, causing all handlers for that event name to run.</p>


<strong>Params</strong>
<ul>
<li>eventName <code>string</code> Name of the event.</li>

<li>eventData <code>Object</code> The data provided to each handler.</li>
</ul>




<dl>
  <dt>kind</dt><dd>function</dd>
  <dt>scope</dt><dd>static</dd>
  <dt>memberof</dt><dd><code>static function of <a href="#Eventful">Eventful</a></code></dd>
  
  
  
  
  
  
  
  
  
  
  
  
  
  
  
  
</dl>


        
          <h2><a name="globalVar">globalVar</a></h2>
<p>a global var</p>






<dl>
  <dt>kind</dt><dd>member</dd>
  <dt>scope</dt><dd>global</dd>
  
  
  <dt>type</dt><dd>string</dd>
  <dt>defaultvalue</dt><dd>&quot;something&quot;</dd>
  
  
  
  
  
  
  
  
  
  
  
  
  
</dl>


        </div>
      </div>
    </div>
    <script src="/html/prism.js"></script>
  </body>
</html>
