<!DOCTYPE html>
<html>
  <head>
    <title>Docs</title>
    <meta charset="utf8">
    <link rel="stylesheet" href="/html/docs.css">
    <link rel="stylesheet" href="/html/coy.css">
  </head>
  <body class="overflow-hidden">
    <div class="flexbox-col box-fill-viewport">
      <div class="row1 flex-fixed">
        <h1>API Reference</h1>
      </div>
      <div class="row2 flexbox-row">
        <div class="col1 horiz-space flex-fixed overflow-scroll">
          <ul>
          <li>
  <a href="#onComplete">callback: onComplete</a>
  
</li>
<li>
  <a href="#read">read(filename, done)</a>
  
</li>
<li>
  <a href="#All"><span class="deprecated">class: All</span></a>
  
    <ul>
    <li>
  <a href="#new_All◊">new All(input, [options])</a>
  
</li>

  
    
    <li>
  <a href="#All#topping">all.topping</a>
  
</li>

  
    
    <li>
  <a href="#All#size">all.size</a>
  
</li>

  
    
    <li>
  <a href="#All#allThings"><span class="deprecated">all.allThings(one, two)</span></a>
  
    <ul>
    <li>
  <a href="#All#allThings..some">allThings~some</a>
  
</li>
</ul>
  
</li>
</ul>
  
</li>
<li>
  <a href="#Person">class: Person</a>
  
    <ul>
    <li>
  <a href="#new_Person◊">new Person()</a>
  
</li>
</ul>
  
</li>
<li>
  <a href="#Car">class: Car</a>
  
    <ul>
    <li>
  <a href="#new_Car◊">new Car([options])</a>
  
</li>
</ul>
  
</li>
<li>
  <a href="#Pipe">class: Pipe</a>
  
    <ul>
    <li>
  <a href="#new_Pipe◊">new Pipe()</a>
  
</li>
</ul>
  
</li>
<li>
  <a href="#Everything"><span class="deprecated">class: Everything</span></a>
  
    <ul>
    <li>
  <a href="#new_Everything◊">new Everything(input, [options])</a>
  
</li>
</ul>
  
</li>
<li>
  <a href="#Rice">class: Rice</a>
  
    <ul>
    <li>
  <a href="#new_Rice◊">new Rice()</a>
  
</li>

  
    
    <li>
  <a href="#Rice#event_cooked">event: "cooked"</a>
  
</li>

  
    
    <li>
  <a href="#Rice#event_cooking">event: "cooking"</a>
  
</li>
</ul>
  
</li>
<li>
  <a href="#Something">class: Something</a>
  
    <ul>
    <li>
  <a href="#new_Something◊">new Something()</a>
  
</li>

  
    
    <li>
  <a href="#Something#methodOne">something.methodOne()</a>
  
</li>

  
    
    <li>
  <a href="#Something#allTogether"><span class="deprecated">something.allTogether(one, two)</span></a>
  
</li>
</ul>
  
</li>
<li>
  <a href="#Pizza">class: Pizza</a>
  
    <ul>
    <li>
  <a href="#new_Pizza◊">new Pizza()</a>
  
</li>

  
    
    <li>
  <a href="#Pizza#topping">pizza.topping</a>
  
</li>

  
    
    <li>
  <a href="#Pizza#size">pizza.size</a>
  
</li>
</ul>
  
</li>
<li>
  <a href="#CONST_ONE">const: CONST_ONE</a>
  
</li>
<li>
  <a href="#CONST_TWO"><span class="deprecated">const: CONST_TWO</span></a>
  
</li>
<li>
  <a href="#customTaggedFunction">customTaggedFunction()</a>
  
</li>
<li>
  <a href="#eFileType">enum: eFileType</a>
  
    <ul>
    <li>
  <a href="#eFileType.NOEXIST">eFileType.NOEXIST</a>
  
</li>

  
    
    <li>
  <a href="#eFileType.FILE">eFileType.FILE</a>
  
</li>

  
    
    <li>
  <a href="#eFileType.DIR">eFileType.DIR</a>
  
</li>
</ul>
  
</li>
<li>
  <a href="#globalFunc">globalFunc()</a>
  
</li>
<li>
  <a href="#exampled">exampled()</a>
  
</li>
<li>
  <a href="#multiExampled">multiExampled()</a>
  
</li>
<li>
  <a href="#_protected">_protected()</a>
  
</li>
<li>
  <a href="#withAuthor">withAuthor()</a>
  
</li>
<li>
  <a href="#oldFunction"><span class="deprecated">oldFunction()</span></a>
  
</li>
<li>
  <a href="#newFunction">newFunction()</a>
  
</li>
<li>
  <a href="#withParam">withParam(one)</a>
  
</li>
<li>
  <a href="#withParams">withParams(one, two)</a>
  
</li>
<li>
  <a href="#withOptional">withOptional(one, [two])</a>
  
</li>
<li>
  <a href="#withBullets">withBullets(one, two)</a>
  
</li>
<li>
  <a href="#returnsSomething">returnsSomething()</a>
  
</li>
<li>
  <a href="#returnsSomethingDesc">returnsSomethingDesc()</a>
  
</li>
<li>
  <a href="#returnsSeveral">returnsSeveral()</a>
  
</li>
<li>
  <a href="#allTogether"><span class="deprecated">allTogether(one, two)</span></a>
  
</li>
<li>
  <a href="#visible">visible</a>
  
</li>
<li>
  <a href="#module_foo/bar">module: foo/bar</a>
  
    <ul>
    <li>
  <a href="#module_foo/bar.event_MyEvent">event: "event:MyEvent"</a>
  
</li>

  
    
    <li>
  <a href="#external_String">foo/bar~String</a>
  
</li>

  
    
    <li>
  <a href="#module_foo/bar..linkFunction">foo/bar~linkFunction()</a>
  
</li>

  
    
    <li>
  <a href="#module_foo/bar..LinkClass">class: foo/bar~LinkClass</a>
  
    <ul>
    <li>
  <a href="#new_module_foo/bar..LinkClass◊">new LinkClass()</a>
  
</li>

  
    
    <li>
  <a href="#module_foo/bar..LinkClass#foo">linkClass.foo</a>
  
</li>
</ul>
  
</li>
</ul>
  
</li>
<li>
  <a href="#variable">variable</a>
  
</li>
<li>
  <a href="#typed">typed</a>
  
</li>
<li>
  <a href="#types">types</a>
  
</li>
<li>
  <a href="#exampled">exampled</a>
  
</li>
<li>
  <a href="#examples">examples</a>
  
</li>
<li>
  <a href="#_protected">_protected</a>
  
</li>
<li>
  <a href="#withAuthor">withAuthor</a>
  
</li>
<li>
  <a href="#hasDefault">hasDefault</a>
  
</li>
<li>
  <a href="#hasDefaultObject">hasDefaultObject</a>
  
</li>
<li>
  <a href="#deprecated"><span class="deprecated">deprecated</span></a>
  
</li>
<li>
  <a href="#readOnly">readOnly</a>
  
</li>
<li>
  <a href="#hasSince">hasSince</a>
  
</li>
<li>
  <a href="#car">car</a>
  
    <ul>
    <li>
  <a href="#car#env">car.env</a>
  
    <ul>
    <li>
  <a href="#car#env.weather">env.weather</a>
  
</li>

  
    
    <li>
  <a href="#car#env.roads">env.roads</a>
  
</li>
</ul>
  
</li>

  
    
    <li>
  <a href="#car.wheels">car.wheels</a>
  
</li>

  
    
    <li>
  <a href="#car.sensors">car.sensors</a>
  
</li>

  
    
    <li>
  <a href="#car.start">car.start()</a>
  
</li>
</ul>
  
</li>
<li>
  <a href="#doSomething">doSomething(options)</a>
  
</li>
<li>
  <a href="#doAnother">doAnother(options)</a>
  
</li>
<li>
  <a href="#pluck">pluck(...prop)</a>
  
</li>
<li>
  <a href="#Plucker">class: Plucker</a>
  
    <ul>
    <li>
  <a href="#new_Plucker◊">new Plucker()</a>
  
</li>

  
    
    <li>
  <a href="#Plucker#doPluck">plucker.doPluck(one, ...args, ...three)</a>
  
</li>
</ul>
  
</li>
<li>
  <a href="#requirer">requirer()</a>
  
</li>
<li>
  <a href="#NumberLike">type: NumberLike</a>
  
</li>
<li>
  <a href="#setMagicNumber">setMagicNumber(x)</a>
  
</li>
<li>
  <a href="#doSomething">doSomething(options)</a>
  
</li>

          </ul>
        </div>
        <div class="col2 overflow-scroll flex-full">
        
  onComplete - global<br>
        
  read - global<br>
        
  All - global<br>
        
  Person - global<br>
        
  Car - global<br>
        
  Pipe - global<br>
        
  Everything - global<br>
        
  Rice - global<br>
        
  Something - global<br>
        
  Pizza - global<br>
        
  CONST_ONE - global<br>
        
  CONST_TWO - global<br>
        
  customTaggedFunction - global<br>
        
  eFileType - global<br>
        
  globalFunc - global<br>
        
  exampled - global<br>
        
  multiExampled - global<br>
        
  _protected - global<br>
        
  withAuthor - global<br>
        
  oldFunction - global<br>
        
  newFunction - global<br>
        
  withParam - global<br>
        
  withParams - global<br>
        
  withOptional - global<br>
        
  withBullets - global<br>
        
  returnsSomething - global<br>
        
  returnsSomethingDesc - global<br>
        
  returnsSeveral - global<br>
        
  allTogether - global<br>
        
  visible - global<br>
        
  foo/bar - <br>
        
  variable - global<br>
        
  typed - global<br>
        
  types - global<br>
        
  exampled - global<br>
        
  examples - global<br>
        
  _protected - global<br>
        
  withAuthor - global<br>
        
  hasDefault - global<br>
        
  hasDefaultObject - global<br>
        
  deprecated - global<br>
        
  readOnly - global<br>
        
  hasSince - global<br>
        
  car - global<br>
        
  doSomething - global<br>
        
  doAnother - global<br>
        
  pluck - global<br>
        
  Plucker - global<br>
        
  requirer - global<br>
        
  NumberLike - global<br>
        
  setMagicNumber - global<br>
        
  doSomething - global<br>
        
        </div>
      </div>
    </div>
    <script src="/html/prism.js"></script>
  </body>
</html>
